---
source: src/main.rs
assertion_line: 467
description: "Generated config for Hyprland's `flake.lock`."
input_file: samples/hyprland/no-follows/flake.lock
---
aquamarine.inputs.hyprutils.follows = "hyprutils"
aquamarine.inputs.hyprwayland-scanner.follows = "hyprwayland-scanner"
aquamarine.inputs.nixpkgs.follows = "nixpkgs"
aquamarine.inputs.systems.follows = "systems"
hyprcursor.inputs.hyprlang.follows = "hyprlang"
hyprcursor.inputs.nixpkgs.follows = "nixpkgs"
hyprcursor.inputs.systems.follows = "systems"
hyprgraphics.inputs.hyprutils.follows = "hyprutils"
hyprgraphics.inputs.nixpkgs.follows = "nixpkgs"
hyprgraphics.inputs.systems.follows = "systems"
hyprland-protocols.inputs.nixpkgs.follows = "nixpkgs"
hyprland-protocols.inputs.systems.follows = "systems"
hyprland-qtutils.inputs.hyprland-qt-support.inputs.hyprlang.follows = "hyprlang"
hyprland-qtutils.inputs.hyprland-qt-support.inputs.nixpkgs.follows = "nixpkgs"
hyprland-qtutils.inputs.hyprland-qt-support.inputs.systems.follows = "systems"
hyprland-qtutils.inputs.hyprlang.follows = "hyprlang"
hyprland-qtutils.inputs.hyprutils.follows = "hyprutils"
hyprland-qtutils.inputs.nixpkgs.follows = "nixpkgs"
hyprland-qtutils.inputs.systems.follows = "systems"
hyprlang.inputs.hyprutils.follows = "hyprutils"
hyprlang.inputs.nixpkgs.follows = "nixpkgs"
hyprlang.inputs.systems.follows = "systems"
hyprutils.inputs.nixpkgs.follows = "nixpkgs"
hyprutils.inputs.systems.follows = "systems"
hyprwayland-scanner.inputs.nixpkgs.follows = "nixpkgs"
hyprwayland-scanner.inputs.systems.follows = "systems"
pre-commit-hooks.inputs.gitignore.inputs.nixpkgs.follows = "nixpkgs"
pre-commit-hooks.inputs.nixpkgs.follows = "nixpkgs"
xdph.inputs.hyprland-protocols.follows = "hyprland-protocols"
xdph.inputs.hyprlang.follows = "hyprlang"
xdph.inputs.hyprutils.follows = "hyprutils"
xdph.inputs.hyprwayland-scanner.follows = "hyprwayland-scanner"
xdph.inputs.nixpkgs.follows = "nixpkgs"
xdph.inputs.systems.follows = "systems"
